// Jest Snapshot v1, https://goo.gl/fbAQLP

exports[`DataChart renders 1`] = `
.c0 {
  font-size: 18px;
  line-height: 24px;
  box-sizing: border-box;
  -webkit-text-size-adjust: 100%;
  -ms-text-size-adjust: 100%;
  -moz-osx-font-smoothing: grayscale;
  -webkit-font-smoothing: antialiased;
}

.c4 {
  display: block;
  max-width: 100%;
  overflow: visible;
}

.c1 {
  display: grid;
  box-sizing: border-box;
  grid-template-areas: "yAxis charts" ". xAxis";
  grid-template-columns: auto 1fr;
  grid-template-rows: 1fr auto;
}

.c2 {
  position: relative;
  grid-area: charts;
}

.c3 {
  position: relative;
  display: block;
}

<div
  className="c0"
>
  <div
    className="c1"
  >
    <div
      className="c2"
    >
      <div
        className="c3"
      >
        <svg
          className="c4"
          height={192}
          preserveAspectRatio="none"
          viewBox="-48 0 480 192"
          width={384}
        >
          <g
            fill="none"
            stroke="#6FFFB0"
            strokeLinecap="butt"
            strokeLinejoin="miter"
            strokeWidth={96}
          >
            <g
              fill="none"
            >
              <title />
              <path
                d="M 0,192 L 0,160"
              />
            </g>
            <g
              fill="none"
            >
              <title />
              <path
                d="M 384,192 L 384,0"
              />
            </g>
          </g>
        </svg>
      </div>
    </div>
  </div>
</div>
`;
